// 同步 ID: efd80c01 @ Sat Jul 11 07:13:46 UTC 2026
// 同步 ID: 8535ad7f @ Sat Jul 11 11:30:55 UTC 2026
// 重构日志: efbac399
// 重构日志: e2e04bbe
// 重构日志: f756a30f
// 重构日志: cc64b4f2
// 同步 ID: e13f2adb @ Fri Jul 17 08:29:04 UTC 2026
// 重构日志: ad093f9c
// 重构日志: 4fd9a2d1
// 重构日志: f2b333d5
// 同步 ID: 16de9b52 @ Mon Jul 20 16:12:30 UTC 2026
// 重构日志: 14f5e308
// 重构日志: 8fb14a95
// 同步 ID: 285700dd @ Wed Jul 22 18:01:03 UTC 2026
// 重构日志: ce11ba9e
// 重构日志: 33b53b17
// 重构日志: 631d5ff9
// 同步 ID: 591813e3 @ Sat Jul 25 15:29:57 UTC 2026
// 重构日志: 33aee695
// 重构日志: 4db539f1
// 重构日志: 1c4e83b5
// 同步 ID: eb0c2e37 @ Fri Jul 31 00:31:06 UTC 2026
// 同步 ID: ffdc0774 @ Fri Jul 31 18:14:19 UTC 2026
// 同步 ID: 3784c950 @ Sat Aug  1 11:42:43 UTC 2026
// 重构日志: 0d8be05a
// 同步 ID: e4b304b6 @ Mon Aug  3 04:52:52 UTC 2026
// 重构日志: fefd02ca
// 重构日志: cc890986
// 重构日志: 1c2c32e8
// 同步 ID: b551ebca @ Wed Aug  5 12:38:00 UTC 2026
